../Core/Src/main.c:85:6:Push_Command_To_Ring_Buffer	552	static
../Core/Src/main.c:96:6:Command_Sending_Handle	296	static
../Core/Src/main.c:106:6:FRAME_SYNC_RxCpltCallback	128	static
../Core/Src/main.c:131:6:FRAME_SYNC_RxFailCallback	120	static
../Core/Src/main.c:137:6:HAL_UART_RxCpltCallback	16	static
../Core/Src/main.c:146:6:FRAME_SYNC_Packet_Transmit	16	static
../Core/Src/main.c:152:6:FRAME_SYNC_Packet_Receive	16	static
../Core/Src/main.c:176:5:main	40	static
../Core/Src/main.c:274:6:SystemClock_Config	72	static
../Core/Src/main.c:314:13:MX_SPI1_Init	8	static
../Core/Src/main.c:352:13:MX_USART1_UART_Init	8	static
../Core/Src/main.c:385:13:MX_GPIO_Init	32	static
../Core/Src/main.c:419:6:Error_Handler	4	static,ignoring_inline_asm
