../Core/Src/main.c:89:6:BUTTON_Press_Short_Callback	32	static
../Core/Src/main.c:99:6:FRAME_SYNC_RxCpltCallback	136	static
../Core/Src/main.c:113:6:FRAME_SYNC_RxFailCallback	120	static
../Core/Src/main.c:119:6:HAL_UART_RxCpltCallback	16	static
../Core/Src/main.c:133:6:FRAME_SYNC_Packet_Transmit	16	static
../Core/Src/main.c:138:6:FRAME_SYNC_Packet_Receive	16	static
../Core/Src/main.c:163:5:main	32	static
../Core/Src/main.c:249:6:SystemClock_Config	88	static
../Core/Src/main.c:296:13:MX_SPI1_Init	8	static
../Core/Src/main.c:334:13:MX_USART2_UART_Init	8	static
../Core/Src/main.c:367:13:MX_USART6_UART_Init	8	static
../Core/Src/main.c:400:13:MX_GPIO_Init	40	static
../Core/Src/main.c:445:6:Error_Handler	4	static,ignoring_inline_asm
